| test.c:8:5:8:12 | access to array | Array access out of bounds: access to array with offset 100 on $@ with size 100 | test.c:5:17:5:22 | call to malloc | allocation |
| test.c:18:5:18:12 | access to array | Array access out of bounds: access to array with offset 100 on $@ with size 100 | test.c:14:17:14:22 | call to malloc | allocation |
| test.c:19:5:19:13 | access to array | Array access out of bounds: access to array with offset 100 on $@ with size 100 | test.c:14:17:14:22 | call to malloc | allocation |
| test.c:35:5:35:17 | access to array | Array access out of bounds: access to array with offset 299 on $@ with size 200 | test.c:26:17:26:22 | call to malloc | allocation |
| test.c:37:5:37:13 | access to array | Array access out of bounds: access to array with offset 300 on $@ with size 200 | test.c:26:17:26:22 | call to malloc | allocation |
| test.c:43:9:43:21 | access to array | Array access out of bounds: access to array with offset 200 on $@ with size 200 | test.c:26:17:26:22 | call to malloc | allocation |
| test.c:65:5:65:12 | access to array | Array access out of bounds: access to array with offset 200 on $@ with size 200 | test.c:61:17:61:22 | call to malloc | allocation |
| test.c:67:5:67:19 | access to array | Array access out of bounds: access to array with offset 200 on $@ with size 200 | test.c:61:17:61:22 | call to malloc | allocation |
| test.c:73:9:73:27 | access to array | Array access out of bounds: access to array with offset 200 on $@ with size 200 | test.c:61:17:61:22 | call to malloc | allocation |
| test.c:81:5:81:19 | access to array | Array access with index that is greater or equal to the size of the $@. | test.c:79:17:79:22 | call to malloc | allocation |
| test.c:82:5:82:23 | access to array | Array access with index that is greater or equal to the size of the $@. | test.c:79:17:79:22 | call to malloc | allocation |
